[backblue.gif]
[fade.gif]
[index.html]
[cdn.prod.website-files.com/69983296cbb59f410af8512f/69a598e56f4a83f21a227d62_miyagami-we-build-digital-products-and-teams-that-scale-opengraph.avif]
[cdn.prod.website-files.com/69983296cbb59f410af8512f/69a58926bb19f7c55a45f466_favicon-32x32.png]
[cdn.prod.website-files.com/69983296cbb59f410af8512f/69a589586d2c991c7a997023_android-chrome-384x384.png]
[www.miyagami.com/v2645sy3qzdjNjk5ODMyOTZjYmI1OWY0MTBhZjg1MTJm/XW9J5apAJwB6h7WOwVoCKlCmwYU]
[cdn.prod.website-files.com/69983296cbb59f410af8512a/69983296cbb59f410af85331_modern-architecture-sharp-angle-blue-sky.avif]
[cdn.prod.website-files.com/69983296cbb59f410af8512a/69983296cbb59f410af85335_dramatic-sunset-blue-hour-clouds.avif]
[cdn.prod.website-files.com/68f740f2d74dabf7ba29daa1/697e0f20317c519ded903e76_service-placeholder.jpg]
[cdn.prod.website-files.com/69983296cbb59f410af8512f/69983296cbb59f410af85213_e3a94c0a15037be54f2e837033141968_contact-hero-img.jpg]
[cdn.prod.website-files.com/69983296cbb59f410af8512a/69a191e042935043670450d9_wind-turbines-mountain-ridge-sustainability.jpg]
[cdn.prod.website-files.com/69983296cbb59f410af8512a/69a17dd5c35a2bab864143d0_modern-office-hallway-professional-discussion-square-image.avif]
[cdn.prod.website-files.com/69983296cbb59f410af8512a/69a17de739d594487258ca67_business-analytics-dashboard-laptop-office-square-image.avif]
[cdn.prod.website-files.com/69983296cbb59f410af8512a/69a17dc237042e4378fe2ebe_diverse-team-collaboration-meeting-laptop-square-image.avif]
[cdn.prod.website-files.com/69983296cbb59f410af8512f/699c5370595aa95dccc27dd1_abstract-distorted-landscape-texture-blue-green.jpg]
[cdn.prod.website-files.com/69983296cbb59f410af8512f/69983296cbb59f410af85219_miyagami-abstract-metallic-digital-data-sky.jpg.jpg]
[cdn.prod.website-files.com/69983296cbb59f410af8512a/6a4bc192f78d5a13bb78766b_nrisk-logo.png]
[cdn.prod.website-files.com/69983296cbb59f410af8512a/6a4bc192f78d5a13bb78766b_nrisk-logo-p-500.png]
[cdn.prod.website-files.com/69983296cbb59f410af8512a/6a4bc192f78d5a13bb78766b_nrisk-logo-p-800.png]
[cdn.prod.website-files.com/69983296cbb59f410af8512a/6a4bc1c75b8197f4ea3bfeaf_nrisk-thumbnail.jpeg]
[cdn.prod.website-files.com/69983296cbb59f410af8512a/6a4bc1c75b8197f4ea3bfeaf_nrisk-thumbnail-p-500.jpeg]
[cdn.prod.website-files.com/69983296cbb59f410af8512a/6a4bc1c75b8197f4ea3bfeaf_nrisk-thumbnail-p-800.jpeg]
[cdn.prod.website-files.com/69983296cbb59f410af8512a/6a4bc1c75b8197f4ea3bfeaf_nrisk-thumbnail-p-1080.jpeg]
[cdn.prod.website-files.com/69983296cbb59f410af8512a/6a4bc1c75b8197f4ea3bfeaf_nrisk-thumbnail-p-1600.jpeg]
[cdn.prod.website-files.com/69983296cbb59f410af8512a/6a4bc1c75b8197f4ea3bfeaf_nrisk-thumbnail-p-2000.jpeg]
[cdn.prod.website-files.com/69983296cbb59f410af8512a/6a4bc1c75b8197f4ea3bfeaf_nrisk-thumbnail-p-2600.jpeg]
[cdn.prod.website-files.com/69983296cbb59f410af8512a/6a4bc1c75b8197f4ea3bfeaf_nrisk-thumbnail-p-3200.jpeg]
[cdn.prod.website-files.com/69983296cbb59f410af8512f/69a54119d8690cc69efa8744_textured-blue-surface.avif]
[cdn.prod.website-files.com/69983296cbb59f410af8512f/69a54119d8690cc69efa8744_textured-blue-surface-p-500.avif]
[cdn.prod.website-files.com/69983296cbb59f410af8512a/69a0636236ee741e82b2c976_studocu-mockup.avif]
[cdn.prod.website-files.com/69983296cbb59f410af8512a/69a0636236ee741e82b2c976_studocu-mockup-p-500.avif]
[cdn.prod.website-files.com/69983296cbb59f410af8512a/69a0636236ee741e82b2c976_studocu-mockup-p-800.avif]
[cdn.prod.website-files.com/69983296cbb59f410af8512a/69a0636236ee741e82b2c976_studocu-mockup-p-1080.avif]
[cdn.prod.website-files.com/69983296cbb59f410af8512a/69a897883915d9c302618316_Hisense.svg.png]
[cdn.prod.website-files.com/69983296cbb59f410af8512a/69a897883915d9c302618316_Hisense.svg-p-500.png]
[cdn.prod.website-files.com/69983296cbb59f410af8512a/69a897883915d9c302618316_Hisense.svg-p-800.png]
[cdn.prod.website-files.com/69983296cbb59f410af8512a/69a897883915d9c302618316_Hisense.svg-p-1080.png]
[cdn.prod.website-files.com/69983296cbb59f410af8512a/69a897883915d9c302618316_Hisense.svg-p-1600.png]
[cdn.prod.website-files.com/69983296cbb59f410af8512a/69a8977ad4167bf3f2aae950_Garmin-Logo.wine.png]
[cdn.prod.website-files.com/69983296cbb59f410af8512a/69a8977ad4167bf3f2aae950_Garmin-Logo.wine-p-500.png]
[cdn.prod.website-files.com/69983296cbb59f410af8512a/69a8977ad4167bf3f2aae950_Garmin-Logo.wine-p-800.png]
[cdn.prod.website-files.com/69983296cbb59f410af8512a/69a8977ad4167bf3f2aae950_Garmin-Logo.wine-p-1080.png]
[cdn.prod.website-files.com/69983296cbb59f410af8512a/69a8977ad4167bf3f2aae950_Garmin-Logo.wine-p-1600.png]
[cdn.prod.website-files.com/69983296cbb59f410af8512a/69a8977ad4167bf3f2aae950_Garmin-Logo.wine-p-2000.png]
[cdn.prod.website-files.com/69983296cbb59f410af8512a/69a58d2be49d4046c708855e_IHG-Logo.png]
[cdn.prod.website-files.com/69983296cbb59f410af8512a/69a58d2be49d4046c708855e_IHG-Logo-p-500.png]
[cdn.prod.website-files.com/69983296cbb59f410af8512a/69a58d2be49d4046c708855e_IHG-Logo-p-800.png]
[cdn.prod.website-files.com/69983296cbb59f410af8512a/69a58d2be49d4046c708855e_IHG-Logo-p-1080.png]
[cdn.prod.website-files.com/69983296cbb59f410af8512a/69a8975ca4dd39c0acd88f9e_Marriott_logo.png]
[cdn.prod.website-files.com/69983296cbb59f410af8512a/69a8975ca4dd39c0acd88f9e_Marriott_logo-p-500.png]
[cdn.prod.website-files.com/69983296cbb59f410af8512a/69a8975ca4dd39c0acd88f9e_Marriott_logo-p-800.png]
[cdn.prod.website-files.com/69983296cbb59f410af8512a/69a8975ca4dd39c0acd88f9e_Marriott_logo-p-1080.png]
[cdn.prod.website-files.com/69983296cbb59f410af8512a/69a8975ca4dd39c0acd88f9e_Marriott_logo-p-1600.png]
[cdn.prod.website-files.com/69983296cbb59f410af8512a/69a8975ca4dd39c0acd88f9e_Marriott_logo-p-2000.png]
[cdn.prod.website-files.com/69983296cbb59f410af8512a/69a8975ca4dd39c0acd88f9e_Marriott_logo-p-2600.png]
[cdn.prod.website-files.com/69983296cbb59f410af8512a/69a8975ca4dd39c0acd88f9e_Marriott_logo-p-3200.png]
[cdn.prod.website-files.com/69983296cbb59f410af8512a/69a58cc645159e0c26d651ff_Schiphol_Group_logo_rgb_blauw_9de83519a9.avif]
[cdn.prod.website-files.com/69983296cbb59f410af8512a/69a58cc645159e0c26d651ff_Schiphol_Group_logo_rgb_blauw_9de83519a9-p-500.png]
[cdn.prod.website-files.com/69983296cbb59f410af8512a/69983296cbb59f410af8532b_rabobank-logo.avif]
[cdn.prod.website-files.com/69983296cbb59f410af8512a/69983296cbb59f410af8532b_rabobank-logo-p-500.png]
[cdn.prod.website-files.com/69983296cbb59f410af8512a/69a58beca35198c6f1055ac6_image.avif]
[cdn.prod.website-files.com/69983296cbb59f410af8512a/69a58beca35198c6f1055ac6_image-p-500.avif]
[cdn.prod.website-files.com/69983296cbb59f410af8512a/69983296cbb59f410af8532a_total-logo.avif]
[www.miyagami.com/cdn-cgi/scripts/5c5dd728/cloudflare-static/email-decode.min.js]
[d3e54v103j8qbb.cloudfront.net/js/jquery-3.5.1.min.dc5e7f18c8fa5c.js]
[cdn.prod.website-files.com/69983296cbb59f410af8512f/js/miyagami44-45fc0bb50cd7544ad10808088ae3.32e07967.4952b6d48f4e8db0.js]
[cdn.prod.website-files.com/gsap/3.15.0/gsap.min.js]
[www.miyagami.com/index.html]
[cdn.prod.website-files.com/index.html]
[cdn.prod.website-files.com/69983296cbb59f410af8512f/css/miyagami44-45fc0bb50cd7544ad10808088ae3.shared.048e33515.min.css]
[cdn.jsdelivr.net/npm/swiper@11/swiper-bundle.min.js]
[cdn.prod.website-files.com/69983296cbb59f410af8512f/css/miyagami44-45fc0bb50cd7544ad10808088ae3.69983296cbb59f410af850fd.3f13348d3.opt.min.css]
[cdn.jsdelivr.net/npm/swiper@11/swiper-bundle.min.css]
[cdn.prod.website-files.com/69983296cbb59f410af8512f/69bd4cdae7f6b1a929ea73e5_DSC_3680.jpg]
[cdn.prod.website-files.com/69983296cbb59f410af8512a/69a183b4f6b1afd25f0ddc9a_ollaborative-office-planning-whiteboard-session.avif]
[cdn.prod.website-files.com/69983296cbb59f410af8512a/69a183b4f6b1afd25f0ddc9a_ollaborative-office-planning-whiteboard-session-p-500.avif]
[cdn.prod.website-files.com/69983296cbb59f410af8512a/69a183b4f6b1afd25f0ddc9a_ollaborative-office-planning-whiteboard-session-p-800.avif]
[cdn.prod.website-files.com/69983296cbb59f410af8512a/69a183b4f6b1afd25f0ddc9a_ollaborative-office-planning-whiteboard-session-p-1080.avif]
[cdn.prod.website-files.com/69983296cbb59f410af8512a/69a53a9772a52d2a435addf4_modern-business-strategy-and-collaboration.avif]
[cdn.prod.website-files.com/69983296cbb59f410af8512f/699ee6d24ceaa85666eb3a72_surreal-ocean-running-white-silk-night.jpg]
[cdn.prod.website-files.com/69983296cbb59f410af8512f/69983296cbb59f410af85217_abstract-digital-sky-texture-background.jpg]
[cdn.prod.website-files.com/69983296cbb59f410af8512a/69a579bba3dec8d8bd82c007_spacemaker-desktop.avif]
[cdn.prod.website-files.com/69983296cbb59f410af8512a/69a579bba3dec8d8bd82c007_spacemaker-desktop-p-500.avif]
[cdn.prod.website-files.com/69983296cbb59f410af8512a/69a579bba3dec8d8bd82c007_spacemaker-desktop-p-800.avif]
[cdn.prod.website-files.com/69983296cbb59f410af8512a/69a579bba3dec8d8bd82c007_spacemaker-desktop-p-1080.avif]
[www.miyagami.com/services/framed.html]
[cdn.prod.website-files.com/69983296cbb59f410af8512f/js/miyagami44-45fc0bb50cd7544ad10808088ae3.6fc4c195.81d5a26f8aa96e6f.js]
[cdn.prod.website-files.com/69983296cbb59f410af8512a/69a183c377a87954252c0efa_office-presentation-contract-management-workflow.avif]
[cdn.prod.website-files.com/69983296cbb59f410af8512a/69a183c377a87954252c0efa_office-presentation-contract-management-workflow-p-500.avif]
[cdn.prod.website-files.com/69983296cbb59f410af8512a/69a183c377a87954252c0efa_office-presentation-contract-management-workflow-p-800.avif]
[cdn.prod.website-files.com/69983296cbb59f410af8512a/69a183c377a87954252c0efa_office-presentation-contract-management-workflow-p-1080.avif]
[cdn.prod.website-files.com/69983296cbb59f410af8512a/69a16bb09bf9eb29fd93782f_seated-hands-holding-iphone-exploring-slimwonen.avif]
[www.miyagami.com/services/shipped.html]
[cdn.prod.website-files.com/69983296cbb59f410af8512a/69a16bb09bf9eb29fd93782f_seated-hands-holding-iphone-exploring-slimwonen-p-500.avif]
[cdn.prod.website-files.com/69983296cbb59f410af8512a/69a183cf92f91ddab6df272e_team-reviewing-database-schema-on-monitor.avif]
[cdn.prod.website-files.com/69983296cbb59f410af8512a/69a183cf92f91ddab6df272e_team-reviewing-database-schema-on-monitor-p-500.avif]
[cdn.prod.website-files.com/69983296cbb59f410af8512a/69a183cf92f91ddab6df272e_team-reviewing-database-schema-on-monitor-p-800.avif]
[cdn.prod.website-files.com/69983296cbb59f410af8512a/69a183cf92f91ddab6df272e_team-reviewing-database-schema-on-monitor-p-1080.avif]
[cdn.prod.website-files.com/69983296cbb59f410af8512a/69a53a8d2c0fac8a2655875a_project-sprint-explanation-meeting-vertical.avif]
[cdn.prod.website-files.com/69983296cbb59f410af8512a/69a53a8d2c0fac8a2655875a_project-sprint-explanation-meeting-vertical-p-500.avif]
[www.miyagami.com/services/embedded.html]
[cdn.prod.website-files.com/69983296cbb59f410af8512a/69a53a8d2c0fac8a2655875a_project-sprint-explanation-meeting-vertical-p-800.avif]
[www.miyagami.com/contact.html]
[cdn.prod.website-files.com/69983296cbb59f410af8512f/69983296cbb59f410af85213_e3a94c0a15037be54f2e837033141968_contact-hero-img-p-500.jpg]
[cdn.prod.website-files.com/69983296cbb59f410af8512f/69983296cbb59f410af85213_e3a94c0a15037be54f2e837033141968_contact-hero-img-p-800.jpg]
[cdn.prod.website-files.com/69983296cbb59f410af8512f/69983296cbb59f410af85213_e3a94c0a15037be54f2e837033141968_contact-hero-img-p-1080.jpg]
[cdn.prod.website-files.com/69983296cbb59f410af8512f/69983296cbb59f410af85213_e3a94c0a15037be54f2e837033141968_contact-hero-img-p-1600.jpg]
[cdn.prod.website-files.com/69983296cbb59f410af8512a/69a551f3dacf132bc1c80b7a_sustainable-urban-development-modern-architecture.avif]
[cdn.prod.website-files.com/69983296cbb59f410af8512a/69a551f3dacf132bc1c80b7a_sustainable-urban-development-modern-architecture-p-500.avif]
[cdn.prod.website-files.com/69983296cbb59f410af8512a/69a551f3dacf132bc1c80b7a_sustainable-urban-development-modern-architecture-p-800.avif]
[cdn.prod.website-files.com/69983296cbb59f410af8512a/69a551f3dacf132bc1c80b7a_sustainable-urban-development-modern-architecture-p-1080.avif]
[cdn.prod.website-files.com/69983296cbb59f410af8512f/69a1856ad3254c7fc9815f23_modern-business-strategy-and-collaboration.avif]
[cdn.prod.website-files.com/69983296cbb59f410af8512f/69a1856ad3254c7fc9815f23_modern-business-strategy-and-collaboration-p-500.avif]
[cdn.prod.website-files.com/69983296cbb59f410af8512a/69a192525cef647b02870716_wind-farm-industrial-agriculture-landscape.avif]
[cdn.prod.website-files.com/69983296cbb59f410af8512a/69a192525cef647b02870716_wind-farm-industrial-agriculture-landscape-p-500.avif]
[cdn.prod.website-files.com/69983296cbb59f410af8512a/69a1922259d1a045414eb785_sustainable-technology-business-meeting-interaction.avif]
[cdn.prod.website-files.com/69983296cbb59f410af8512a/69a1922259d1a045414eb785_sustainable-technology-business-meeting-interaction-p-500.avif]
[cdn.prod.website-files.com/69983296cbb59f410af8512a/69a191e9f4218c83bce31905_wind-turbines-mountain-ridge-sustainability-2.avif]
[cdn.prod.website-files.com/69983296cbb59f410af8512a/69a191e9f4218c83bce31905_wind-turbines-mountain-ridge-sustainability-2-p-500.avif]
[cdn.prod.website-files.com/69983296cbb59f410af8512a/69a191e9f4218c83bce31905_wind-turbines-mountain-ridge-sustainability-2-p-800.avif]
[cdn.prod.website-files.com/69983296cbb59f410af8512a/69a1923a26ad2e314d41f57e_sunlight-filtering-through-dense-forest-canopy.avif]
[cdn.prod.website-files.com/69983296cbb59f410af8512a/69a1923a26ad2e314d41f57e_sunlight-filtering-through-dense-forest-canopy-p-500.avif]
[cdn.prod.website-files.com/69983296cbb59f410af8512a/69a1923a26ad2e314d41f57e_sunlight-filtering-through-dense-forest-canopy-p-800.avif]
[cdn.prod.website-files.com/69983296cbb59f410af8512a/69a19218f3f340a5611b602a_sustainable-technology-business-meeting-interaction-2.avif]
[cdn.prod.website-files.com/69983296cbb59f410af8512a/69a19218f3f340a5611b602a_sustainable-technology-business-meeting-interaction-2-p-500.avif]
[cdn.prod.website-files.com/69983296cbb59f410af8512a/69a552056d1f084afb85047a_creative-professional-team-office-setting.avif]
[cdn.prod.website-files.com/69983296cbb59f410af8512a/69a552056d1f084afb85047a_creative-professional-team-office-setting-p-500.avif]
[cdn.prod.website-files.com/69983296cbb59f410af8512a/69a191fec992f69ae1b0523e_biophilic-design-green-wall-glass-roof.avif]
[cdn.prod.website-files.com/69983296cbb59f410af8512a/69a191fec992f69ae1b0523e_biophilic-design-green-wall-glass-roof-p-500.avif]
[cdn.prod.website-files.com/69983296cbb59f410af8512a/69a191fec992f69ae1b0523e_biophilic-design-green-wall-glass-roof-p-800.avif]
[cdn.prod.website-files.com/69983296cbb59f410af8512a/69a065993a634f3f41f9cd14_np3-website.avif]
[cdn.prod.website-files.com/69983296cbb59f410af8512a/69a065993a634f3f41f9cd14_np3-website-p-500.avif]
[cdn.prod.website-files.com/69983296cbb59f410af8512a/69a065993a634f3f41f9cd14_np3-website-p-800.avif]
[www.miyagami.com/industries/sustainability.html]
[cdn.prod.website-files.com/69983296cbb59f410af8512f/69983296cbb59f410af851f1_custom-cta-banner.jpg]
[cdn.prod.website-files.com/69983296cbb59f410af8512a/69a17dd97f33ec0043341367_modern-office-hallway-professional-discussion.avif]
[cdn.prod.website-files.com/69983296cbb59f410af8512a/69a17dd97f33ec0043341367_modern-office-hallway-professional-discussion-p-500.avif]
[cdn.prod.website-files.com/69983296cbb59f410af8512a/69a18f2cd176d5effa8b78db_geometric-concrete-facade-pattern.avif]
[cdn.prod.website-files.com/69983296cbb59f410af8512a/69a18f2cd176d5effa8b78db_geometric-concrete-facade-pattern-p-500.avif]
[cdn.prod.website-files.com/69983296cbb59f410af8512a/69a18f6396d82101a26f2bb4_modern-open-plan-sustainable-office.avif]
[cdn.prod.website-files.com/69983296cbb59f410af8512a/69a18f6396d82101a26f2bb4_modern-open-plan-sustainable-office-p-500.avif]
[cdn.prod.website-files.com/69983296cbb59f410af8512a/69a18f778557926b88f8be80_professional-corporate-boardroom-meeting.avif]
[cdn.prod.website-files.com/69983296cbb59f410af8512a/69a18f778557926b88f8be80_professional-corporate-boardroom-meeting-p-500.avif]
[cdn.prod.website-files.com/69983296cbb59f410af8512a/69a18ee4c6dd7537c0f63949_executive-office-manhattan-skyline-view.avif]
[cdn.prod.website-files.com/69983296cbb59f410af8512a/69a18ee4c6dd7537c0f63949_executive-office-manhattan-skyline-view-p-500.avif]
[cdn.prod.website-files.com/69983296cbb59f410af8512a/69a18f03c667822abb13b35d_grey-concrete-building-blue-sky 1.avif]
[www.miyagami.com/industries/real-estate.html]
[cdn.prod.website-files.com/69983296cbb59f410af8512a/69a18f03c667822abb13b35d_grey-concrete-building-blue-sky 1-p-500.avif]
[cdn.prod.website-files.com/69983296cbb59f410af8512a/69a17dea305127af84186a5b_business-analytics-dashboard-laptop-office.avif]
[cdn.prod.website-files.com/69983296cbb59f410af8512a/69a17dea305127af84186a5b_business-analytics-dashboard-laptop-office-p-500.avif]
[cdn.prod.website-files.com/69983296cbb59f410af8512a/69a17dea305127af84186a5b_business-analytics-dashboard-laptop-office-p-800.avif]
[cdn.prod.website-files.com/69983296cbb59f410af8512a/69a190c780d165441399803e_modern-financial-office-city-view.avif]
[cdn.prod.website-files.com/69983296cbb59f410af8512a/69a190c780d165441399803e_modern-financial-office-city-view-p-500.avif]
[cdn.prod.website-files.com/69983296cbb59f410af8512a/69a190dc8b2b411b4011c7b2_historic-financial-district-architecture-clock.avif]
[cdn.prod.website-files.com/69983296cbb59f410af8512a/69a190dc8b2b411b4011c7b2_historic-financial-district-architecture-clock-p-500.avif]
[cdn.prod.website-files.com/69983296cbb59f410af8512a/69a190ea4345eac0cbdfd4a5_upward-view-modern-corporate-skyscrapers.avif]
[cdn.prod.website-files.com/69983296cbb59f410af8512a/69a190ea4345eac0cbdfd4a5_upward-view-modern-corporate-skyscrapers-p-500.avif]
[cdn.prod.website-files.com/69983296cbb59f410af8512a/69a190a2df8fdc5cff2abfd7_financial-data-analysis-tablet-meeting.avif]
[cdn.prod.website-files.com/69983296cbb59f410af8512a/69a190ff7068c24a91adee4e_corporate-partnership-handshake-silhouette.avif]
[cdn.prod.website-files.com/69983296cbb59f410af8512a/69a190ff7068c24a91adee4e_corporate-partnership-handshake-silhouette-p-500.avif]
[www.miyagami.com/industries/finance.html]
[cdn.prod.website-files.com/69983296cbb59f410af8512a/6a4bbd0f30bcd74493abe25e_6a4bb9bc379716424a690125_nrisk-mockup-usevertical.jpeg]
[cdn.prod.website-files.com/69983296cbb59f410af8512a/69a17dc6697989ef1f58f3ae_diverse-team-collaboration-meeting-laptop.avif]
[cdn.prod.website-files.com/69983296cbb59f410af8512a/69a17dc6697989ef1f58f3ae_diverse-team-collaboration-meeting-laptop-p-500.avif]
[cdn.prod.website-files.com/69983296cbb59f410af8512a/69a18dd996f83371f78a2f0b_mobile-saas-app-user-experience.avif]
[cdn.prod.website-files.com/69983296cbb59f410af8512a/69a18dd996f83371f78a2f0b_mobile-saas-app-user-experience-p-500.avif]
[cdn.prod.website-files.com/69983296cbb59f410af8512a/69a18de846ea3da41beb310e_odern-glass-office-building-night-view.avif]
[cdn.prod.website-files.com/69983296cbb59f410af8512a/69a18e16bd2e7619e1cd9671_collaborative-team-meeting-saas-innovation.avif]
[cdn.prod.website-files.com/69983296cbb59f410af8512a/69a062770982f1ef3c367832_studocu-mockup.avif]
[cdn.prod.website-files.com/69983296cbb59f410af8512a/69a062770982f1ef3c367832_studocu-mockup-p-500.avif]
[www.miyagami.com/industries/saas.html]
[cdn.prod.website-files.com/69983296cbb59f410af8512f/699c5370595aa95dccc27dd1_abstract-distorted-landscape-texture-blue-green-p-500.jpg]
[cdn.prod.website-files.com/69983296cbb59f410af8512f/699c5370595aa95dccc27dd1_abstract-distorted-landscape-texture-blue-green-p-800.jpg]
[cdn.prod.website-files.com/69983296cbb59f410af8512a/69a062770982f1ef3c367832_studocu-mockup-p-800.avif]
[cdn.jsdelivr.net/npm/@finsweet/attributes-cmsfilter@1/cmsfilter.js]
[cdn.jsdelivr.net/npm/@finsweet/attributes-cmsload@1/cmsload.js]
[cdn.prod.website-files.com/69983296cbb59f410af8512f/69a5411986b0d755c4ce148d_frosted-glass-gradient.avif]
[cdn.prod.website-files.com/69983296cbb59f410af8512f/69a541195e1b9e88b955c84a_textured-ripples.avif]
[cdn.prod.website-files.com/69983296cbb59f410af8512f/69983296cbb59f410af85215_archive-img.jpg]
[www.miyagami.com/insights.html]
[cdn.prod.website-files.com/69983296cbb59f410af8512f/js/miyagami44-45fc0bb50cd7544ad10808088ae3.67a201e2.04a4bed00e426681.js]
[cdn.prod.website-files.com/69983296cbb59f410af8512f/69a182501d4f390157c9167f_db090dc0b5e9bf05c19f51c967353c28_DSC_0824-Verbeterd-NR.avif]
[cdn.prod.website-files.com/69983296cbb59f410af8512f/69a182501d4f390157c9167f_db090dc0b5e9bf05c19f51c967353c28_DSC_0824-Verbeterd-NR-p-500.avif]
[cdn.prod.website-files.com/69983296cbb59f410af8512f/69a182501d4f390157c9167f_db090dc0b5e9bf05c19f51c967353c28_DSC_0824-Verbeterd-NR-p-800.avif]
[cdn.prod.website-files.com/69983296cbb59f410af8512f/69a182501d4f390157c9167f_db090dc0b5e9bf05c19f51c967353c28_DSC_0824-Verbeterd-NR-p-1080.avif]
[cdn.prod.website-files.com/69983296cbb59f410af8512f/69983296cbb59f410af8520e_credential-iso-27001.png]
[cdn.prod.website-files.com/69983296cbb59f410af8512f/69a1810e9d18c6d44f466104_deyna-xHif_dtwJJc-unsplash.avif]
[cdn.prod.website-files.com/69983296cbb59f410af8512f/69a1810e9d18c6d44f466104_deyna-xHif_dtwJJc-unsplash-p-500.avif]
[cdn.prod.website-files.com/69983296cbb59f410af8512f/69a1810e9d18c6d44f466104_deyna-xHif_dtwJJc-unsplash-p-800.avif]
[cdn.prod.website-files.com/69983296cbb59f410af8512f/69a1810e9d18c6d44f466104_deyna-xHif_dtwJJc-unsplash-p-1080.avif]
[cdn.prod.website-files.com/69983296cbb59f410af8512f/69a1810e9d18c6d44f466104_deyna-xHif_dtwJJc-unsplash-p-1600.avif]
[cdn.prod.website-files.com/69983296cbb59f410af8512f/69983296cbb59f410af85211_cert-iso-27001.jpg]
[cdn.prod.website-files.com/69983296cbb59f410af8512f/69983296cbb59f410af85212_cert-awwwards.jpg]
[cdn.prod.website-files.com/69983296cbb59f410af8512f/69a17a47bc9d8f55f9affb78_rivvia-amsterdam-office-by-miyagami.webp]
[cdn.prod.website-files.com/69983296cbb59f410af8512f/69a17a47bc9d8f55f9affb78_rivvia-amsterdam-office-by-miyagami-p-500.webp]
[cdn.prod.website-files.com/69983296cbb59f410af8512f/69a17a47bc9d8f55f9affb78_rivvia-amsterdam-office-by-miyagami-p-800.webp]
[cdn.prod.website-files.com/69983296cbb59f410af8512f/69a17a47bc9d8f55f9affb78_rivvia-amsterdam-office-by-miyagami-p-1080.webp]
[cdn.prod.website-files.com/69983296cbb59f410af8512f/69a17a47bc9d8f55f9affb78_rivvia-amsterdam-office-by-miyagami-p-1600.webp]
[cdn.prod.website-files.com/69983296cbb59f410af8512f/69a17a47bc9d8f55f9affb78_rivvia-amsterdam-office-by-miyagami-p-2000.webp]
[cdn.prod.website-files.com/69983296cbb59f410af8512a/6a74739423f5c111f2ea1abf_Chris.png]
[cdn.prod.website-files.com/69983296cbb59f410af8512a/6a747387f59943ad44f300a5_Will.png]
[cdn.prod.website-files.com/69983296cbb59f410af8512a/6a7473ad3072da8128955c3a_Bo.png]
[www.miyagami.com/about.html]
[cdn.prod.website-files.com/69983296cbb59f410af8512a/6a74737aab4cd80625effe3c_Dale.png]
[cdn.prod.website-files.com/69983296cbb59f410af8512f/69983296cbb59f410af85219_miyagami-abstract-metallic-digital-data-sky.jpg-p-500.jpg]
[cdn.prod.website-files.com/69983296cbb59f410af8512f/69983296cbb59f410af85219_miyagami-abstract-metallic-digital-data-sky.jpg-p-800.jpg]
[cdn.prod.website-files.com/69983296cbb59f410af8512f/69983296cbb59f410af85219_miyagami-abstract-metallic-digital-data-sky.jpg-p-1080.jpg]
[cdn.prod.website-files.com/69983296cbb59f410af8512f/69983296cbb59f410af85219_miyagami-abstract-metallic-digital-data-sky.jpg-p-1600.jpg]
[cdn.prod.website-files.com/69983296cbb59f410af8512f/69983296cbb59f410af85219_miyagami-abstract-metallic-digital-data-sky.jpg-p-2000.jpg]
[cdn.prod.website-files.com/69983296cbb59f410af8512a/69983296cbb59f410af85332_framed-by-miyagami-logotype.svg]
[cdn.prod.website-files.com/69983296cbb59f410af8512a/69983296cbb59f410af85333_shipped-by-miyagami-logotype.svg]
[cdn.prod.website-files.com/69983296cbb59f410af8512a/69983296cbb59f410af85334_embedded-by-miyagami-logotype.svg]
[cdn.prod.website-files.com/69983296cbb59f410af8512a/6a4bbd0f30bcd74493abe253_6a4bb9bf697ea3031e8ba3bf_nrisk-mockup-01.jpeg]
[cdn.jsdelivr.net/npm/@finsweet/attributes-socialshare@1/socialshare.js]
[cdn.prod.website-files.com/69983296cbb59f410af8512a/6a4bbd0f30bcd74493abe25b_6a4bb9bc379716424a690125_nrisk-mockup-usevertical.jpeg]
[cdn.prod.website-files.com/69983296cbb59f410af8512a/6a4bbd0f30bcd74493abe256_6a4bb9c68fdb869efd500183_finance-vertical.jpeg]
[cdn.prod.website-files.com/69983296cbb59f410af8512a/6a4bbd0f30bcd74493abe262_6a4bb9c3915d7fcd52dfbb07_nrisk-mockup-landscape-02.jpeg]
[www.miyagami.com/work/nrisk.html]
[cdn.prod.website-files.com/69983296cbb59f410af8512a/69a0343b4bc349cbfdf01538_slimwonen-logotype.avif]
[cdn.prod.website-files.com/69983296cbb59f410af8512a/6a2f9525d01b1eccb767edf8_w25-og-1200x630_60ecd63d4c49620ca393dbdbaee28c8d_2000.png]
[www.miyagami.com/insights/the-deployment-illusion-agents-in-production.html]
[cdn.prod.website-files.com/plugins/Basic/assets/placeholder.60f9b1840c.svg]
[cdn.prod.website-files.com/69983296cbb59f410af8512a/69a034294e62d41451433790_studeersnel-logotype.svg]
[cdn.prod.website-files.com/69983296cbb59f410af8512a/69a18b2ee25eb5e12d34a9e2_studocu-laptop-and-mobile-platform-overview.avif]
[cdn.prod.website-files.com/69983296cbb59f410af8512a/69a18b2ee25eb5e12d34a9e2_studocu-laptop-and-mobile-platform-overview-p-500.avif]
[cdn.prod.website-files.com/69983296cbb59f410af8512a/69a18b2ee25eb5e12d34a9e2_studocu-laptop-and-mobile-platform-overview-p-800.avif]
[cdn.prod.website-files.com/69983296cbb59f410af8512a/69a18b2ee25eb5e12d34a9e2_studocu-laptop-and-mobile-platform-overview-p-1080.avif]
[cdn.prod.website-files.com/69983296cbb59f410af8512a/69a18b3ba5606ef85aebd8b7_studocu-mobile-app-study-documents-interface.avif]
[cdn.prod.website-files.com/69983296cbb59f410af8512a/69a18b3ba5606ef85aebd8b7_studocu-mobile-app-study-documents-interface-p-500.avif]
[cdn.prod.website-files.com/69983296cbb59f410af8512a/69a18b3ba5606ef85aebd8b7_studocu-mobile-app-study-documents-interface-p-800.avif]
[cdn.prod.website-files.com/69983296cbb59f410af8512a/69a18b3fa5606ef85aebd9fa_studocu-ai-study-assistant-mobile-ui.avif]
[cdn.prod.website-files.com/69983296cbb59f410af8512a/69a18b3fa5606ef85aebd9fa_studocu-ai-study-assistant-mobile-ui-p-500.avif]
[cdn.prod.website-files.com/69983296cbb59f410af8512a/69a18b3fa5606ef85aebd9fa_studocu-ai-study-assistant-mobile-ui-p-800.avif]
[cdn.prod.website-files.com/69983296cbb59f410af8512a/69a18b43a78f62eb2d5747a5_studocu-web-platform-laptop-mockup-office.avif]
[cdn.prod.website-files.com/69983296cbb59f410af8512a/69a18b43a78f62eb2d5747a5_studocu-web-platform-laptop-mockup-office-p-500.avif]
[cdn.prod.website-files.com/69983296cbb59f410af8512a/69a18b43a78f62eb2d5747a5_studocu-web-platform-laptop-mockup-office-p-800.avif]
[cdn.prod.website-files.com/69983296cbb59f410af8512a/69a18b43a78f62eb2d5747a5_studocu-web-platform-laptop-mockup-office-p-1080.avif]
[www.miyagami.com/work/studocu.html]
[www.miyagami.com/cdn-cgi/l/email-protection.html]
[cdn.prod.website-files.com/69983296cbb59f410af8512a/699eaf21b836198626a4efde_zvqrgzoktwyij2q8ixxi.avif]
[www.miyagami.com/support-pages/master-services-agreement.html]
[www.miyagami.com/support-pages/privacy-policy.html]
[www.miyagami.com/support-pages/terms-conditions.html]
[cdn.prod.website-files.com/69983296cbb59f410af8512f/css/miyagami44-45fc0bb50cd7544ad10808088ae3.69983296cbb59f410af85101.fe2fcb40d.opt.min.css]
[cdn.prod.website-files.com/69983296cbb59f410af8512f/699ee6d24ceaa85666eb3a72_surreal-ocean-running-white-silk-night-p-500.jpg]
[cdn.prod.website-files.com/69983296cbb59f410af8512f/69983296cbb59f410af85217_abstract-digital-sky-texture-background-p-500.jpg]
[cdn.prod.website-files.com/69983296cbb59f410af8512f/69983296cbb59f410af85217_abstract-digital-sky-texture-background-p-800.jpg]
[cdn.prod.website-files.com/69983296cbb59f410af8512f/69983296cbb59f410af85217_abstract-digital-sky-texture-background-p-1080.jpg]
[cdn.prod.website-files.com/69983296cbb59f410af8512f/69983296cbb59f410af85217_abstract-digital-sky-texture-background-p-1600.jpg]
[cdn.prod.website-files.com/69983296cbb59f410af8512a/69a579d3c6eaa3e67ad27b5a_spacemaker-mobile-chat-02.avif]
[cdn.prod.website-files.com/69983296cbb59f410af8512a/69a579d3c6eaa3e67ad27b5a_spacemaker-mobile-chat-02-p-500.avif]
[cdn.prod.website-files.com/69983296cbb59f410af8512a/69a579d3c6eaa3e67ad27b5a_spacemaker-mobile-chat-02-p-800.avif]
[cdn.prod.website-files.com/69983296cbb59f410af8512a/69a58572be0491886190186e_hand-holding-iphone-in-spacemarker.avif]
[www.miyagami.com/work/spacemaker.html]
[cdn.prod.website-files.com/69983296cbb59f410af8512a/69a58572be0491886190186e_hand-holding-iphone-in-spacemarker-p-500.avif]
[cdn.prod.website-files.com/69983296cbb59f410af8512a/69a16e9ac627c96e6f16d768_slimwonen-iphone-mockup.avif]
[cdn.prod.website-files.com/69983296cbb59f410af8512a/69a16e9ac627c96e6f16d768_slimwonen-iphone-mockup-p-500.avif]
[cdn.prod.website-files.com/69983296cbb59f410af8512a/69a16e9ac627c96e6f16d768_slimwonen-iphone-mockup-p-800.avif]
[cdn.prod.website-files.com/69983296cbb59f410af8512a/69a16e9ac627c96e6f16d768_slimwonen-iphone-mockup-p-1080.avif]
[cdn.prod.website-files.com/69983296cbb59f410af8512a/69a16e9ac627c96e6f16d768_slimwonen-iphone-mockup-p-1600.avif]
[cdn.prod.website-files.com/69983296cbb59f410af8512a/69a17439eaf525008cb983fd_hands-holding-slimwonen-app-on-clean-desk-setup.avif]
[cdn.prod.website-files.com/69983296cbb59f410af8512a/69a17439eaf525008cb983fd_hands-holding-slimwonen-app-on-clean-desk-setup-p-500.avif]
[cdn.prod.website-files.com/69983296cbb59f410af8512a/69a1743cfc3a6e57fccb2aa5_slimwonen-iphone-simple-mockup.avif]
[cdn.prod.website-files.com/69983296cbb59f410af8512a/69a1743cfc3a6e57fccb2aa5_slimwonen-iphone-simple-mockup-p-500.avif]
[cdn.prod.website-files.com/69983296cbb59f410af8512a/69a1743fd0360b7b0bfd146a_joyful-connection.avif]
[cdn.prod.website-files.com/69983296cbb59f410af8512a/69a1743fd0360b7b0bfd146a_joyful-connection-p-500.avif]
[www.miyagami.com/work/slimwonen.html]
[cdn.prod.website-files.com/69983296cbb59f410af8512f/css/miyagami44-45fc0bb50cd7544ad10808088ae3.69983296cbb59f410af85114.b017c6ad9.opt.min.css]
[cdn.prod.website-files.com/69983296cbb59f410af8512f/css/miyagami44-45fc0bb50cd7544ad10808088ae3.69983296cbb59f410af8510b.f467b848c.opt.min.css]
[cdn.prod.website-files.com/69983296cbb59f410af8512a/699eae3387dc1f1867d71605_slimwonen-logotype.avif]
[cdn.prod.website-files.com/69983296cbb59f410af8512a/69a1896e050ddb1ea68e90a3_net-positive-network-website-mockup.avif]
[cdn.prod.website-files.com/69983296cbb59f410af8512a/69a1896e050ddb1ea68e90a3_net-positive-network-website-mockup-p-500.avif]
[cdn.prod.website-files.com/69983296cbb59f410af8512a/69a1896e050ddb1ea68e90a3_net-positive-network-website-mockup-p-800.avif]
[cdn.prod.website-files.com/69983296cbb59f410af8512a/69a1896e050ddb1ea68e90a3_net-positive-network-website-mockup-p-1080.avif]
[cdn.prod.website-files.com/69983296cbb59f410af8512a/69a1896e050ddb1ea68e90a3_net-positive-network-website-mockup-p-1600.avif]
[cdn.prod.website-files.com/69983296cbb59f410af8512a/69a188c72028f88898699c98_academy-registration-mobile-app-ui.avif]
[cdn.prod.website-files.com/69983296cbb59f410af8512a/69a188c72028f88898699c98_academy-registration-mobile-app-ui-p-500.avif]
[cdn.prod.website-files.com/69983296cbb59f410af8512a/69a188c72028f88898699c98_academy-registration-mobile-app-ui-p-800.avif]
[cdn.prod.website-files.com/69983296cbb59f410af8512a/69a188d4fa1d473ba8f02c83_future-proofing-innovation-program-mobile.avif]
[cdn.prod.website-files.com/69983296cbb59f410af8512a/69a188d4fa1d473ba8f02c83_future-proofing-innovation-program-mobile-p-500.avif]
[cdn.prod.website-files.com/69983296cbb59f410af8512a/69a188d4fa1d473ba8f02c83_future-proofing-innovation-program-mobile-p-800.avif]
[cdn.prod.website-files.com/69983296cbb59f410af8512a/69a189b98c77681e0e99f363_agricultural-field-harvest-sustainability.avif]
[cdn.prod.website-files.com/69983296cbb59f410af8512a/69a189b98c77681e0e99f363_agricultural-field-harvest-sustainability-p-500.avif]
[cdn.prod.website-files.com/69983296cbb59f410af8512a/69a189b98c77681e0e99f363_agricultural-field-harvest-sustainability-p-800.avif]
[cdn.prod.website-files.com/69983296cbb59f410af8512a/69a189b98c77681e0e99f363_agricultural-field-harvest-sustainability-p-1080.avif]
[www.miyagami.com/work/deloitte-x-low-food-foundation.html]
[cdn.prod.website-files.com/69983296cbb59f410af8512f/69983296cbb59f410af851f1_custom-cta-banner-p-500.jpg]
[cdn.prod.website-files.com/69983296cbb59f410af8512f/69983296cbb59f410af851f1_custom-cta-banner-p-800.jpg]
[cdn.prod.website-files.com/69983296cbb59f410af8512f/69983296cbb59f410af851f1_custom-cta-banner-p-1080.jpg]
[cdn.prod.website-files.com/69983296cbb59f410af8512f/69983296cbb59f410af851f1_custom-cta-banner-p-1600.jpg]
[cdn.prod.website-files.com/69983296cbb59f410af8512f/69983296cbb59f410af851f1_custom-cta-banner-p-2000.jpg]
[cdn.prod.website-files.com/69983296cbb59f410af8512f/69983296cbb59f410af851f1_custom-cta-banner-p-2600.jpg]
[cdn.prod.website-files.com/69983296cbb59f410af8512f/69983296cbb59f410af851f1_custom-cta-banner-p-3200.jpg]
[cdn.prod.website-files.com/69983296cbb59f410af8512a/69a189b98c77681e0e99f363_agricultural-field-harvest-sustainability-p-1600.avif]
[cdn.prod.website-files.com/69983296cbb59f410af8512f/css/miyagami44-45fc0bb50cd7544ad10808088ae3.69983296cbb59f410af8510a.6033b543d.opt.min.css]
[www.miyagami.com/insights/the-state-of-agentic-product-development-in-2026.html]
[cdn.prod.website-files.com/69983296cbb59f410af8512a/69fb4cf1f6b00da53dcdf19c_miyagami-blog-post-state-of-ai-dev_fc4184e7b37a56c150251edb5c3d9937_2000.jpeg]
[cdn.prod.website-files.com/69983296cbb59f410af8512a/69d481789849e7961fc2f55f_schermafbeelding-2026-03-05-om-153409_4e3b3ad7291d46d2bec368d21cedf8b3_2000.jpeg]
[www.miyagami.com/insights/applied-product-discovery-how-we-build-digital-products.html]
[www.miyagami.com/insights/from-ai-mandate-to-ai-strategy.html]
[cdn.prod.website-files.com/69983296cbb59f410af8512a/6a2906100d63d3be99133c58_miyagami-post-bo-automate-the-admin_fb5f45f30c0f0aa49e2e4ed6f127671f_2000.png]
[www.miyagami.com/insights/is-your-organisation-ai-ready.html]
[cdn.prod.website-files.com/69983296cbb59f410af8512a/6a16f43a695cfa04b7232bc5_miyagami-framed-visual-with-logo-1_6d85c9c91d3584cb370b8e06c8dcf941_2000.png]
[www.miyagami.com/insights/do-you-have-product-manager-or-a-backlog-manager.html]
[cdn.prod.website-files.com/69983296cbb59f410af8512a/6a052966c1ad5de71f36b6f1_miyagami-blog-post-backlog-manager-1_a00cc64e47268ef8b404b93ba26d99f2_2000.jpeg]
[www.miyagami.com/insights/how-to-leverage-generative-ai.html]
[cdn.prod.website-files.com/69983296cbb59f410af8512a/69a85ce60527049021c3f7a4_699ee2713a6f08eaf82f2b09_og.png]
[www.miyagami.com/insights/future-trends-in-software-development-ai-iot-more.html]
[www.miyagami.com/insights/why-headless-and-serverless-are-the-path-to-the-future.html]
[www.miyagami.com/insights9220.html]
[cdn.prod.website-files.com/69983296cbb59f410af8512f/69983296cbb59f410af85215_archive-img-p-500.jpg]
[cdn.prod.website-files.com/69983296cbb59f410af8512f/69983296cbb59f410af85215_archive-img-p-800.jpg]
[cdn.prod.website-files.com/69983296cbb59f410af8512f/69983296cbb59f410af85215_archive-img-p-1080.jpg]
[cdn.prod.website-files.com/69983296cbb59f410af8512f/69983296cbb59f410af85215_archive-img-p-1600.jpg]
[cdn.prod.website-files.com/69983296cbb59f410af8512f/css/miyagami44-45fc0bb50cd7544ad10808088ae3.69983296cbb59f410af85108.8cf87a85d.opt.min.css]
[cdn.prod.website-files.com/69983296cbb59f410af8512f/69983296cbb59f410af85211_cert-iso-27001-p-500.jpg]
[cdn.prod.website-files.com/69983296cbb59f410af8512f/69983296cbb59f410af85211_cert-iso-27001-p-800.jpg]
[cdn.prod.website-files.com/69983296cbb59f410af8512f/69983296cbb59f410af85211_cert-iso-27001-p-1080.jpg]
[cdn.prod.website-files.com/69983296cbb59f410af8512f/69a198e7bbfca54e407129c0_dutch-digital-agencies-miyagami-logotype.svg]
[cdn.prod.website-files.com/69983296cbb59f410af8512f/69983296cbb59f410af85212_cert-awwwards-p-500.jpg]
[cdn.prod.website-files.com/69983296cbb59f410af8512f/69983296cbb59f410af85212_cert-awwwards-p-800.jpg]
[cdn.prod.website-files.com/69983296cbb59f410af8512f/69983296cbb59f410af85212_cert-awwwards-p-1080.jpg]
[cdn.prod.website-files.com/69983296cbb59f410af8512f/css/miyagami44-45fc0bb50cd7544ad10808088ae3.69983296cbb59f410af8510e.d7ec3d6a7.opt.min.css]
[cdn.prod.website-files.com/69983296cbb59f410af8512a/69983296cbb59f410af8533f_deloitte-logotype.svg]
[cdn.prod.website-files.com/69983296cbb59f410af8512f/css/miyagami44-45fc0bb50cd7544ad10808088ae3.69983296cbb59f410af85102.a953e9b4e.opt.min.css]
[cdn.jsdelivr.net/npm/gsap@3.12.5/dist/gsap.min.js]
[www.miyagami.com/work.html]
[www.miyagami.com/insights/ai-mandate-to-strategy-without-the-detour.html]
[www.miyagami.com/insights/real-ai-capability-vs-good-demo.html]
[www.miyagami.com/insights/the-ai-skills-gap-is-a-hiring-problem.html]
[cdn.prod.website-files.com/69983296cbb59f410af8512f/css/miyagami44-45fc0bb50cd7544ad10808088ae3.69983296cbb59f410af85112.8ca058cea.opt.min.css]
[d3e54v103j8qbb.cloudfront.net/static/custom-checkbox-checkmark.589d534424.svg]
[www.miyagami.com/insightsbe9f.html]
[www.miyagami.com/insights/2025-ai-product-stack-whats-real-whats-noise.html]
[cdn.prod.website-files.com/69983296cbb59f410af8512a/69a85cead165e49d2a9ea412_699ee277f44f0910f770550b_og.png]
[www.miyagami.com/insights/what-is-a-progressive-web-app.html]
[cdn.prod.website-files.com/69983296cbb59f410af8512a/699ee271088faefe4dfe2fa8_og.avif]
[www.miyagami.com/insights/comprehensive-introduction-to-software-development.html]
[www.miyagami.com/insights/why-the-green-transition-is-a-software-architecture-problem.html]
[www.miyagami.com/insights/ai-powered-vs-ai-ready-finding-product-market-fit.html]
[cdn.prod.website-files.com/69983296cbb59f410af8512a/69a85ce6d5e6e8e1a4cc7543_69a05b9899f2436f12b3be37_surreal-harmony-of-nature-and-interior-design-vertical.jpeg]
[cdn.prod.website-files.com/69983296cbb59f410af8512a/69a6faaf29766a9c5e5573e7_uB7hIy.jpeg]
[cdn.prod.website-files.com/69983296cbb59f410af8512a/69a6faaf29766a9c5e5573df_LBg96J.jpeg]
[cdn.prod.website-files.com/69983296cbb59f410af8512a/69a6faaf29766a9c5e5573eb_cP9wWh.jpeg]
[cdn.prod.website-files.com/69983296cbb59f410af8512a/69a6faaf29766a9c5e5573dc_Xxiw4u.jpeg]
[cdn.prod.website-files.com/69983296cbb59f410af8512a/69a6faaf29766a9c5e5573ef_paNfi7.jpeg]
[www.miyagami.com/insights/ai-killed-the-brand-star-why-everything-looks-the-same.html]
[cdn.prod.website-files.com/69983296cbb59f410af8512a/69a6faaf29766a9c5e5573e3_tGwc4D.jpeg]
[www.miyagami.com/insights/role-of-ai-in-web-development-web-developers-toolkit-2024.html]
[www.miyagami.com/insights/complete-guide-ux-ui-design.html]
[www.miyagami.com/insightsecf0.html]
[cdn.prod.website-files.com/69983296cbb59f410af8512a/69a85ce7907cab3fbddc225a_699ee26f535208d5a990eca4_og.png]
[www.miyagami.com/insightsba65.html]
[cdn.prod.website-files.com/69983296cbb59f410af8512f/css/miyagami44-45fc0bb50cd7544ad10808088ae3.69983296cbb59f410af85110.dbf0a7c59.opt.min.css]
[cdn.prod.website-files.com/69983296cbb59f410af8512a/69a6b2a2ecae5b358125edd0_Amsterdam_Airport_Schiphol_logo_(2018–present) 1.svg]
[www.miyagami.com/insights/what-an-ai-agent-can-do-in-your-company-today.html]
[www.miyagami.com/insights/lovable-not-maintainable-hidden-risks-building-without-code.html]
[cdn.prod.website-files.com/69983296cbb59f410af8512a/69a85ce94314603f50046647_699ee27078db01b5d54fa0e0_og.png]
[www.miyagami.com/insights/mastering-web-mobile-applications.html]
[www.miyagami.com/insights/differences-between-main-sdlc-models.html]
[www.miyagami.com/insights/what-is-software-development.html]
[cdn.prod.website-files.com/69983296cbb59f410af8512a/69a85cfafe97dfbd26a47fa9_699ee27607c248b38c7d3957_uploads%252F1702039381772.png]
[cdn.prod.website-files.com/69983296cbb59f410af8512a/69a85ce8d73f39edcdb1ce9a_699ee272d39671383b4900db_og.png]
[www.miyagami.com/insights/what-is-a-software-agency.html]
[www.miyagami.com/insights/why-you-should-work-with-a-software-development-company.html]
[www.miyagami.com/insights/what-is-a-tech-agency.html]
[www.miyagami.com/insights/what-is-it-consultancy.html]
[cdn.prod.website-files.com/69983296cbb59f410af8512a/69a85cf529a18f384cd9286e_699ee279b3b77b3d1bab5eeb_uploads%252F1702036872919.png]
[cdn.prod.website-files.com/69983296cbb59f410af8512a/69a85cf57ab2725baad10ec5_699ee281657384f8cc9ce3c3_uploads%252F1703071853464.png]
[www.miyagami.com/insights/what-is-application.html]
[www.miyagami.com/insights/what-is-front-end-development.html]
[cdn.prod.website-files.com/69983296cbb59f410af8512a/69a85cec4f9af3ab48dac4c3_699ee2770f4ceeb42a0ff12c_og.png]
[www.miyagami.com/insights/what-are-microservices.html]
[www.miyagami.com/insights/what-is-back-end-development.html]
[www.miyagami.com/insights/what-is-full-stack-development.html]
[cdn.prod.website-files.com/69983296cbb59f410af8512a/69a85cf8958d3b73cb3b9c58_699ee26f2c0c0c897a9d0f87_og.png]
[www.miyagami.com/insights/web-development-vs-web-programming.html]
[cdn.prod.website-files.com/69983296cbb59f410af8512a/69a85cef6f8dac87c4c1b6b1_699ee2709fc354d35a0abf79_og.png]
[www.miyagami.com/insights/how-to-choose-the-right-tech-stack-for-your-project.html]
[www.miyagami.com/insights/what-is-web-accessibility.html]
[cdn.prod.website-files.com/69983296cbb59f410af8512a/69a85cea907cab3fbddc22b8_699ee270798639a6f33dcf80_og.png]
[www.miyagami.com/insights/future-progressive-web-apps-benefits-trends.html]
[www.miyagami.com/insights/how-ai-can-drive-digital-transformation.html]
[www.miyagami.com/insights/build-fast-break-trust-why-most-ai-mvps-dont-scale.html]
[www.miyagami.com/insights/impact-of-ai-on-mobile-app-development.html]
[www.miyagami.com/insights/what-is-a-digital-strategy.html]
[www.miyagami.com/insights/from-founders-to-foundational-scaling-beyond-ai-shortcut.html]
[www.miyagami.com/insightsca0a.html]
[cdn.prod.website-files.com/69983296cbb59f410af8512a/69a85cf3fce8b63d6648d885_699ee285e92c16e7719fe8d7_uploads%252F1702563578936.png]
[www.miyagami.com/insights/what-is-web-app.html]
[cdn.prod.website-files.com/69983296cbb59f410af8512a/69a85cf7acff7e0ecc802bb4_699ee27e4a9f944baa4b3413_uploads%252F1703074979653.png]
[www.miyagami.com/insights/website-and-webb-app.html]
[cdn.prod.website-files.com/69983296cbb59f410af8512a/69a85cf72adeb729d8c502d4_699ee27f12905c867f7cf0c4_uploads%252F1703076776549.png]
[www.miyagami.com/insights/what-is-mobile-app.html]
[cdn.prod.website-files.com/69983296cbb59f410af8512a/69a85cf5c5345c52c3e546cd_699ee276b3b77b3d1bab5e7a_uploads%252F1704211521648.png]
[www.miyagami.com/insights/mobile-vs-web-app.html]
[www.miyagami.com/insights/mobile-app-vs-native-app-key-differences.html]
[cdn.prod.website-files.com/69983296cbb59f410af8512a/69a85cec4360ee8ab2813068_699ee271074c14d2333549b4_og.png]
[www.miyagami.com/insights/difference-between-progressive-web-app-and-mobile-application.html]
[www.miyagami.com/insights/importance-of-web-performance.html]
[www.miyagami.com/insights/optimizing-web-app-performance.html]
[cdn.prod.website-files.com/69983296cbb59f410af8512a/69a85cec4f9af3ab48dac4c0_699ee2770f4ceeb42a0ff12c_og.png]
[www.miyagami.com/insights/what-is-sustainable-web-development.html]
[cdn.prod.website-files.com/69983296cbb59f410af8512a/69a85cebde43766b478052e7_699ee271088faefe4dfe2fa8_og.png]
[www.miyagami.com/insights/choosing-the-right-development-methodology.html]
[www.miyagami.com/insights/tools-integrations-for-modern-development.html]
[www.miyagami.com/insights/how-to-prevent-vendor-lock-in.html]
[www.miyagami.com/insights/how-to-respond-to-tech-hypes.html]
[www.miyagami.com/insights/lean-digital-transformation-smes.html]
[www.miyagami.com/insights/same-stack-no-soul-why-brand-and-usp-matter-more-than-ever.html]
[www.miyagami.com/insights/pros-and-cons-of-react-native-for-mobile-development.html]
[www.miyagami.com/insights/state-of-low-code-no-code-mobile-development-2024.html]
[www.miyagami.com/insights/how-to-build-a-crm-like-hubspot.html]
[www.miyagami.com/insights/the-importance-of-qa-in-development-lifecycle.html]
[www.miyagami.com/insights/user-centered-design-app.html]
[www.miyagami.com/insights/how-to-build-a-delivery-app-like-uber-eats.html]
[www.miyagami.com/insightsf0ee.html]
[www.miyagami.com/insights/what-is-an-api.html]
[cdn.prod.website-files.com/69983296cbb59f410af8512a/69a85cef6f8dac87c4c1b6ae_699ee2709fc354d35a0abf7c_og.png]
[www.miyagami.com/insights/what-is-devops.html]
[www.miyagami.com/insights/differences-between-adaptive-software-development-and-scrum.html]
[www.miyagami.com/insights/differences-between-waterfall-and-adaptive-software-development.html]
[www.miyagami.com/insights/differences-between-waterfall-and-scrum.html]
[www.miyagami.com/insights/agile-vs-lean-which-is-right-for-your-project.html]
[www.miyagami.com/insights/how-to-implement-ci-cd-in-any-methodology.html]
[www.miyagami.com/insights/what-is-vendor-lock-in.html]
[www.miyagami.com/insights/best-pratices-scalable-apps.html]
[www.miyagami.com/insights/design-product-market-fit.html]
[www.miyagami.com/insights/what-is-no-code.html]
[www.miyagami.com/insights/what-is-low-code.html]
[www.miyagami.com/insights/what-is-webflow.html]
[cdn.prod.website-files.com/69983296cbb59f410af8512a/699ee27078db01b5d54fa0e0_og.avif]
[www.miyagami.com/insights/how-we-approach-sdlc-at-miyagami.html]
[www.miyagami.com/insights/vertical-saas-integration-the-new-competitive-edge-for-real-estate-innovators.html]
[cdn.prod.website-files.com/69983296cbb59f410af8512a/69a05e94b4b44d83c5a8f5eb_corporate-leadership-uniform-procession.avif]
[www.miyagami.com/insights/why-not-build-application-on-openai.html]
[www.miyagami.com/insights/how-to-avoid-wordpress-limits.html]
[www.miyagami.com/insights/why-typescript-is-essential-for-application-maintainability.html]
[www.miyagami.com/insights6278.html]
[cdn.prod.website-files.com/69983296cbb59f410af8512a/69a85cec4360ee8ab281306c_699ee271074c14d2333549b4_og.png]
[www.miyagami.com/insights/graphql-vs-rest-apis-which-is-best.html]
[www.miyagami.com/insights/integrating-third-party-apis-securely.html]
[www.miyagami.com/insights/overview-software-development-life-cycle-sdlc-models.html]
[cdn.prod.website-files.com/69983296cbb59f410af8512a/69a85d00db37513fa2113c31_699ee2740adfc6045dc73c7a_uploads%252F1704221614664.png]
[www.miyagami.com/insights/what-difference-ux-ui-design.html]
[www.miyagami.com/insights/wat-is-digitale-transformatie.html]
[www.miyagami.com/insights/how-to-scale-your-no-code-app.html]
[cdn.prod.website-files.com/69983296cbb59f410af8512a/69a85cf4659e3e52247e2729_699ee27a92792bbbd289272e_uploads%252F1702301300899.png]
[www.miyagami.com/insights/low-code-and-no-code-explained.html]
[www.miyagami.com/insights/top-low-code-platforms-for-startups.html]
[www.miyagami.com/insights/how-save-money-custom-software.html]
[www.miyagami.com/insights/when-to-opt-for-webflow-vs-custom-code-development.html]
[www.miyagami.com/insightsa1ab.html]
[www.miyagami.com/insights/different-types-of-api-integrations.html]
[www.miyagami.com/insights/what-ux-design.html]
[www.miyagami.com/insights/what-is-ui-design.html]
[www.miyagami.com/insights/how-to-conduct-effective-ux-research.html]
[cdn.prod.website-files.com/69983296cbb59f410af8512a/69a85cfcfc58452e35ffaccb_699ee27e8e0f61cd2918cc30_uploads%252F1704218737832.png]
[www.miyagami.com/insights/what-is-a-design-system.html]
[www.miyagami.com/insights/difference-between-no-code-and-low-code.html]
[www.miyagami.com/insights/how-to-build-mobile-app-2024.html]
[www.miyagami.com/insights/differences-between-no-code-platform-and-custom-software.html]
[www.miyagami.com/insights/from-idea-to-mvp.html]
[www.miyagami.com/insights/nikita.html]
[www.miyagami.com/insights/why-mobile-first-is-critical-for-development.html]
[www.miyagami.com/insights542b.html]
[www.miyagami.com/insights/design-systems-101-building-consistent-ui.html]
[cdn.prod.website-files.com/69983296cbb59f410af8512a/69a85cebafdc3f76392b0f09_699ee2732e85b68baa93e80f_og.png]
[www.miyagami.com/insights/how-dtap-system-will-improve-your-platform.html]
[www.miyagami.com/insights/what-does-a-saas-platform-cost.html]
[www.miyagami.com/insights/why-outsourcing-software-development-is-a-good-idea.html]
[www.miyagami.com/insights/why-standard-crms-like-salesforce-are-not-always-the-right-solution.html]
[www.miyagami.com/insights/how-to-build-an-auction-website-like-catawiki.html]
[www.miyagami.com/insightsf95d.html]
[www.miyagami.com/insights/maatwerk-software-ontwikkeling.html]
[cdn.prod.website-files.com/69983296cbb59f410af8512a/69a85cf4fcbf3d54bbc812c2_699ee27b95467ec0cee55528_uploads%252F1702302360973.png]
[www.miyagami.com/insights/what-is-next-js.html]
[www.miyagami.com/insights/what-does-a-web-app-cost.html]
[www.miyagami.com/insights/what-does-a-mobile-app-cost.html]
[www.miyagami.com/insights/importance-of-web-accessibility.html]
[www.miyagami.com/insights/what-to-consider-when-starting-saas-company.html]
[www.miyagami.com/insights/scalable-whitelabeling-software.html]
[www.miyagami.com/insights662d.html]
[www.miyagami.com/insights/why-is-next-js-better-for-web-platforms.html]
[www.miyagami.com/insights/what-minimum-viable-product.html]
[cdn.prod.website-files.com/69983296cbb59f410af8512a/69a85cfa2f44e6a61bee180c_699ee287507adfed21dec169_uploads%252F1704210345312.png]
[www.miyagami.com/insights/saas-platform-wihtout-cto.html]
[www.miyagami.com/insights/flavia.html]
[www.miyagami.com/insights/how-supabase-is-changing-the-baas-landscape.html]
[www.miyagami.com/insights/ux-ui-design-best-practices-for-saas.html]
[www.miyagami.com/insights/pros-cons-of-no-code-for-saas-platform.html]
[www.miyagami.com/insights6c41.html]
[www.miyagami.com/insights/what-software-as-a-service.html]
[www.miyagami.com/insights/difference-mvp-msp.html]
[cdn.prod.website-files.com/69983296cbb59f410af8512a/69a85d006b7eb7835e064af0_699ee274b7fb89242790b3df_uploads%252F1704209893868.png]
[www.miyagami.com/insights/when-to-choose-custom-software-development.html]
[www.miyagami.com/insights/the-design-moat-how-to-stand-out-when-everythings-smart.html]
[www.miyagami.com/insights/how-to-integrate-hubspot-crm-with-custom-software.html]
[www.miyagami.com/insights6429.html]
[www.miyagami.com/insights/role-of-apis-in-web-development.html]
[www.miyagami.com/insights6d40.html]
[www.miyagami.com/insights/what-does-software-development-cost.html]
[www.miyagami.com/insights/how-much-does-web-design-cost.html]
[www.miyagami.com/insights31b1.html]
[cdn.prod.website-files.com/69983296cbb59f410af8512a/69a85cf1359cc357d03a0a1c_699ee280074c14d233354cbd_uploads%252F1702309042526.png]
[www.miyagami.com/insights/kosten-software-op-maat.html]
[cdn.prod.website-files.com/69983296cbb59f410af8512a/69a85cef6d720e8b4c80e269_699ee26e0adfc6045dc73b17_uploads%252F1702307246481.png]
[www.miyagami.com/insights/maatwerk-software-ontwikkelen.html]
[www.miyagami.com/insights/how-to-create-a-social-network-app-like-linkedin.html]
[www.miyagami.com/insights4a76.html]
[www.miyagami.com/insights/why-we-believe-in-full-stack-development.html]
[www.miyagami.com/insights/monolithic-to-microservices-transition.html]
[www.miyagami.com/insights/what-are-blockchain-integrations.html]
[www.miyagami.com/insights38bc.html]
[www.miyagami.com/insights/what-is-blockchain-web-development.html]
[www.miyagami.com/insights/why-react-native-is-the-best-choice-to-build-cross-platform-mobile-apps.html]
[www.miyagami.com/insights/importance-of-sustainable-development-in-2025.html]
[www.miyagami.com/insights3605.html]
[www.miyagami.com/insights/differences-in-software-outsourcing.html]
[cdn.prod.website-files.com/69983296cbb59f410af8512a/69a85cf217c7b244c598b3ee_699ee2765ad77ad7ece6d66b_uploads%252F1703070642363.png]
[www.miyagami.com/insights/saas-application.html]
[www.miyagami.com/insights/pros-and-cons-of-different-web-hosting-forms.html]
[www.miyagami.com/insights/why-next-js-is-the-most-popular-javascript-framework-today.html]
[www.miyagami.com/insightsd081.html]
[www.miyagami.com/insights/what-is-headless.html]
[www.miyagami.com/insights/how-to-identify-when-your-code-needs-refactoring.html]
[www.miyagami.com/insights/state-low-code-no-code-web-development-2024.html]
[www.miyagami.com/insights/working-at-a-software-agency-in-2025.html]
[www.miyagami.com/insights/what-is-a-full-service-agency.html]
[www.miyagami.com/insights5d7d.html]
[www.miyagami.com/insights/what-is-digital-marketing.html]
[www.miyagami.com/insights/what-is-backend-as-a-service.html]
[www.miyagami.com/insights/wat-is-digitalisering.html]
[cdn.prod.website-files.com/69983296cbb59f410af8512a/69a85cf3d986fcff8492eb0a_699ee27c0bb284dc81b5af39_uploads%252F1702563467805.png]
[www.miyagami.com/insightsa296.html]
[cdn.prod.website-files.com/69983296cbb59f410af8512a/69a85cf8958d3b73cb3b9c55_699ee26f2c0c0c897a9d0f87_og.png]
[www.miyagami.com/insights/what-is-firebase.html]
[www.miyagami.com/insights/what-is-supabase.html]
[www.miyagami.com/insightsdf4f.html]
[www.miyagami.com/insights/difference-between-react-nextjs.html]
[www.miyagami.com/insights/what-is-serverless.html]
[www.miyagami.com/insights4987.html]
[www.miyagami.com/insights/difference-between-firebase-and-supabase.html]
[www.miyagami.com/insights/what-is-a-content-management-system.html]
[www.miyagami.com/insights1ff8.html]
[www.miyagami.com/insights/what-is-mobile-app-monetization.html]
[www.miyagami.com/insights3a6c.html]
[www.miyagami.com/insights003a.html]
[www.miyagami.com/insights/what-is-webdesign.html]
[cdn.prod.website-files.com/69983296cbb59f410af8512a/69a85cfab801f2ff7385c9bf_699ee2820bb284dc81b5b09e_uploads%252F1701964274099.png]
[www.miyagami.com/insights/what-i-know-web3.html]
[cdn.prod.website-files.com/69983296cbb59f410af8512a/699ee2712336c7b10d829ab6_uploads%2F1701095760713.avif]
[www.miyagami.com/insights/what-is-mobile-backend-as-a-service.html]
[www.miyagami.com/insights8f78.html]
[www.miyagami.com/insights/wat-is-software-op-maat.html]
[cdn.prod.website-files.com/69983296cbb59f410af8512a/69a85cfc00729dfdc890a672_699ee282c2daa6e8c0ad89c9_uploads%252F1702295893096.png]
[www.miyagami.com/insights/what-i-know-metaverse.html]
[cdn.prod.website-files.com/69983296cbb59f410af8512a/69a85d001bc42abf6e64e659_699ee288f6ceb981c69c479d_uploads%252F1701095402318.png]
[www.miyagami.com/insights98b8.html]
[cdn.prod.website-files.com/69983296cbb59f410af8512a/69a85d00c59780c832f267cd_699ee286227620cef73002d7_uploads%252F1703069576034.png]
[www.miyagami.com/insights/software-as-a-service.html]
[www.miyagami.com/insights/what-design-prototype.html]
[cdn.prod.website-files.com/69983296cbb59f410af8512a/69a85d083128fc2f78f01ef7_699ee27794e2f2ddba90405a_uploads%252F1704212819927.png]
[www.miyagami.com/insights8668.html]
[www.miyagami.com/insights/what-mcp-means-for-non-technical-leaders.html]
[www.miyagami.com/insights/why-ai-pilots-never-reach-production.html]
[www.miyagami.com/insights/what-changes-when-agents-join-the-loop.html]
[www.miyagami.com/insights/inside-applied-product-discovery.html]
[www.miyagami.com/insights/what-ai-ready-means-for-epd-teams.html]
[www.miyagami.com/insights/ai-tooling-wont-fix-a-broken-pdlc.html]
[www.miyagami.com/insightsce75.html]
[www.miyagami.com/insights/the-backlog-isnt-the-problem.html]
[www.miyagami.com/insights/every-handoff-loses-context.html]
[cdn.prod.website-files.com/69983296cbb59f410af8512a/6a47b2f643ef407353c7e042_W27-OG-1200x630.png]
